.next/types/validator.ts(87,39): error TS2307: Cannot find module '../../src/app/services/meta-ads/page.js' or its corresponding type declarations.
.next/types/validator.ts(96,39): error TS2307: Cannot find module '../../src/app/services/photography/page.js' or its corresponding type declarations.
.next/types/validator.ts(105,39): error TS2307: Cannot find module '../../src/app/services/social-management/page.js' or its corresponding type declarations.
.next/types/validator.ts(114,39): error TS2307: Cannot find module '../../src/app/services/videography/page.js' or its corresponding type declarations.
